Flow report for DE10_Nano_D8M_DDR3
Mon Oct 07 21:35:44 2019
Quartus Prime Version 18.1.0 Build 625 09/12/2018 Patches 0.01std SJ Standard Edition


---------------------
; Table of Contents ;
---------------------
  1. Legal Notice
  2. Flow Summary
  3. Flow Settings
  4. Flow Non-Default Global Settings
  5. Flow Elapsed Time
  6. Flow OS Summary
  7. Flow Log
  8. Flow Messages
  9. Flow Suppressed Messages



----------------
; Legal Notice ;
----------------
Copyright (C) 2018  Intel Corporation. All rights reserved.
Your use of Intel Corporation's design tools, logic functions 
and other software and tools, and its AMPP partner logic 
functions, and any output files from any of the foregoing 
(including device programming or simulation files), and any 
associated documentation or information are expressly subject 
to the terms and conditions of the Intel Program License 
Subscription Agreement, the Intel Quartus Prime License Agreement,
the Intel FPGA IP License Agreement, or other applicable license
agreement, including, without limitation, that your use is for
the sole purpose of programming logic devices manufactured by
Intel and sold by Intel or its authorized distributors.  Please
refer to the applicable agreement for further details.



+---------------------------------------------------------------------------------------------------+
; Flow Summary                                                                                      ;
+---------------------------------+-----------------------------------------------------------------+
; Flow Status                     ; Successful - Mon Oct 07 21:31:28 2019                           ;
; Quartus Prime Version           ; 18.1.0 Build 625 09/12/2018 Patches 0.01std SJ Standard Edition ;
; Revision Name                   ; DE10_Nano_D8M_DDR3                                              ;
; Top-level Entity Name           ; DE10_Nano_D8M_DDR3                                              ;
; Family                          ; Cyclone V                                                       ;
; Device                          ; 5CSEBA6U23I7                                                    ;
; Timing Models                   ; Final                                                           ;
; Logic utilization (in ALMs)     ; 27,402 / 41,910 ( 65 % )                                        ;
; Total registers                 ; 63681                                                           ;
; Total pins                      ; 215 / 314 ( 68 % )                                              ;
; Total virtual pins              ; 0                                                               ;
; Total block memory bits         ; 2,141,080 / 5,662,720 ( 38 % )                                  ;
; Total DSP Blocks                ; 112 / 112 ( 100 % )                                             ;
; Total HSSI RX PCSs              ; 0                                                               ;
; Total HSSI PMA RX Deserializers ; 0                                                               ;
; Total HSSI TX PCSs              ; 0                                                               ;
; Total HSSI PMA TX Serializers   ; 0                                                               ;
; Total PLLs                      ; 2 / 6 ( 33 % )                                                  ;
; Total DLLs                      ; 1 / 4 ( 25 % )                                                  ;
+---------------------------------+-----------------------------------------------------------------+


+-----------------------------------------+
; Flow Settings                           ;
+-------------------+---------------------+
; Option            ; Setting             ;
+-------------------+---------------------+
; Start date & time ; 10/07/2019 20:48:34 ;
; Main task         ; Compilation         ;
; Revision Name     ; DE10_Nano_D8M_DDR3  ;
+-------------------+---------------------+


+--------------------------------------------------------------------------------------------------------------------------------------------------------------------------------------------------------------------------------------------------------------------------------------------------------------------------------------------------------------------------------------------------------------------------------+
; Flow Non-Default Global Settings                                                                                                                                                                                                                                                                                                                                                                                               ;
+----------------------------------------------+---------------------------------------------------------------------------------------------------------------------------------------------------------------------------------------------------------------------------------------------------------------------------------------------------------------------------------+---------------+-------------+-----------------+
; Assignment Name                              ; Value                                                                                                                                                                                                                                                                                                                           ; Default Value ; Entity Name ; Section Id      ;
+----------------------------------------------+---------------------------------------------------------------------------------------------------------------------------------------------------------------------------------------------------------------------------------------------------------------------------------------------------------------------------------+---------------+-------------+-----------------+
; COMPILER_SIGNATURE_ID                        ; 272897464634421.157047051411756                                                                                                                                                                                                                                                                                                 ; --            ; --          ; --              ;
; ECO_REGENERATE_REPORT                        ; On                                                                                                                                                                                                                                                                                                                              ; Off           ; --          ; --              ;
; ENABLE_SIGNALTAP                             ; On                                                                                                                                                                                                                                                                                                                              ; --            ; --          ; --              ;
; FITTER_EFFORT                                ; Standard Fit                                                                                                                                                                                                                                                                                                                    ; Auto Fit      ; --          ; --              ;
; MAX_CORE_JUNCTION_TEMP                       ; 100                                                                                                                                                                                                                                                                                                                             ; --            ; --          ; --              ;
; MIN_CORE_JUNCTION_TEMP                       ; -40                                                                                                                                                                                                                                                                                                                             ; --            ; --          ; --              ;
; MISC_FILE                                    ; ip/TERASIC_CAMERA/add2_bb.v                                                                                                                                                                                                                                                                                                     ; --            ; --          ; --              ;
; MUX_RESTRUCTURE                              ; Off                                                                                                                                                                                                                                                                                                                             ; Auto          ; --          ; --              ;
; NUM_PARALLEL_PROCESSORS                      ; 2                                                                                                                                                                                                                                                                                                                               ; --            ; --          ; --              ;
; OPTIMIZATION_MODE                            ; Aggressive Performance                                                                                                                                                                                                                                                                                                          ; Balanced      ; --          ; --              ;
; OPTIMIZATION_TECHNIQUE                       ; Speed                                                                                                                                                                                                                                                                                                                           ; Balanced      ; --          ; --              ;
; PARTITION_COLOR                              ; -- (Not supported for targeted family)                                                                                                                                                                                                                                                                                          ; --            ; --          ; Top             ;
; PARTITION_FITTER_PRESERVATION_LEVEL          ; -- (Not supported for targeted family)                                                                                                                                                                                                                                                                                          ; --            ; --          ; Top             ;
; PARTITION_NETLIST_TYPE                       ; -- (Not supported for targeted family)                                                                                                                                                                                                                                                                                          ; --            ; --          ; Top             ;
; PHYSICAL_SYNTHESIS_COMBO_LOGIC               ; On                                                                                                                                                                                                                                                                                                                              ; Off           ; --          ; --              ;
; PHYSICAL_SYNTHESIS_REGISTER_RETIMING         ; On                                                                                                                                                                                                                                                                                                                              ; Off           ; --          ; --              ;
; PLACEMENT_EFFORT_MULTIPLIER                  ; 4.0                                                                                                                                                                                                                                                                                                                             ; 1.0           ; --          ; --              ;
; POWER_BOARD_THERMAL_MODEL                    ; None (CONSERVATIVE)                                                                                                                                                                                                                                                                                                             ; --            ; --          ; --              ;
; POWER_PRESET_COOLING_SOLUTION                ; 23 MM HEAT SINK WITH 200 LFPM AIRFLOW                                                                                                                                                                                                                                                                                           ; --            ; --          ; --              ;
; PROJECT_OUTPUT_DIRECTORY                     ; output_files                                                                                                                                                                                                                                                                                                                    ; --            ; --          ; --              ;
; QII_AUTO_PACKED_REGISTERS                    ; Normal                                                                                                                                                                                                                                                                                                                          ; Auto          ; --          ; --              ;
; ROUTER_LCELL_INSERTION_AND_LOGIC_DUPLICATION ; On                                                                                                                                                                                                                                                                                                                              ; Auto          ; --          ; --              ;
; ROUTER_TIMING_OPTIMIZATION_LEVEL             ; MAXIMUM                                                                                                                                                                                                                                                                                                                         ; Normal        ; --          ; --              ;
; SLD_FILE                                     ; db/stp2_auto_stripped.stp                                                                                                                                                                                                                                                                                                       ; --            ; --          ; --              ;
; SLD_NODE_CREATOR_ID                          ; 110                                                                                                                                                                                                                                                                                                                             ; --            ; --          ; gmm_fg_detector ;
; SLD_NODE_CREATOR_ID                          ; 110                                                                                                                                                                                                                                                                                                                             ; --            ; --          ; vfb_gmm_in_out  ;
; SLD_NODE_CREATOR_ID                          ; 110                                                                                                                                                                                                                                                                                                                             ; --            ; --          ; vfb_in          ;
; SLD_NODE_ENTITY_NAME                         ; sld_signaltap                                                                                                                                                                                                                                                                                                                   ; --            ; --          ; gmm_fg_detector ;
; SLD_NODE_ENTITY_NAME                         ; sld_signaltap                                                                                                                                                                                                                                                                                                                   ; --            ; --          ; vfb_gmm_in_out  ;
; SLD_NODE_ENTITY_NAME                         ; sld_signaltap                                                                                                                                                                                                                                                                                                                   ; --            ; --          ; vfb_in          ;
; SLD_NODE_PARAMETER_ASSIGNMENT                ; SLD_RAM_BLOCK_TYPE=AUTO                                                                                                                                                                                                                                                                                                         ; --            ; --          ; gmm_fg_detector ;
; SLD_NODE_PARAMETER_ASSIGNMENT                ; SLD_DATA_BITS=93                                                                                                                                                                                                                                                                                                                ; --            ; --          ; gmm_fg_detector ;
; SLD_NODE_PARAMETER_ASSIGNMENT                ; SLD_TRIGGER_BITS=93                                                                                                                                                                                                                                                                                                             ; --            ; --          ; gmm_fg_detector ;
; SLD_NODE_PARAMETER_ASSIGNMENT                ; SLD_STORAGE_QUALIFIER_BITS=93                                                                                                                                                                                                                                                                                                   ; --            ; --          ; gmm_fg_detector ;
; SLD_NODE_PARAMETER_ASSIGNMENT                ; SLD_NODE_INFO=805334530                                                                                                                                                                                                                                                                                                         ; --            ; --          ; gmm_fg_detector ;
; SLD_NODE_PARAMETER_ASSIGNMENT                ; SLD_POWER_UP_TRIGGER=0                                                                                                                                                                                                                                                                                                          ; --            ; --          ; gmm_fg_detector ;
; SLD_NODE_PARAMETER_ASSIGNMENT                ; SLD_INVERSION_MASK=000000000000000000000000000000000000000000000000000000000000000000000000000000000000000000000000000000000000000000000000000000000000000000000000000000000000000000000000000000000000000000000000000000000000000000000000000000000000000000000000000000000000000000000000000000000000000000000000000000000000 ; --            ; --          ; gmm_fg_detector ;
; SLD_NODE_PARAMETER_ASSIGNMENT                ; SLD_INVERSION_MASK_LENGTH=300                                                                                                                                                                                                                                                                                                   ; --            ; --          ; gmm_fg_detector ;
; SLD_NODE_PARAMETER_ASSIGNMENT                ; SLD_STORAGE_QUALIFIER_INVERSION_MASK_LENGTH=0                                                                                                                                                                                                                                                                                   ; --            ; --          ; gmm_fg_detector ;
; SLD_NODE_PARAMETER_ASSIGNMENT                ; SLD_SEGMENT_SIZE=128                                                                                                                                                                                                                                                                                                            ; --            ; --          ; gmm_fg_detector ;
; SLD_NODE_PARAMETER_ASSIGNMENT                ; SLD_ATTRIBUTE_MEM_MODE=OFF                                                                                                                                                                                                                                                                                                      ; --            ; --          ; gmm_fg_detector ;
; SLD_NODE_PARAMETER_ASSIGNMENT                ; SLD_STATE_FLOW_USE_GENERATED=0                                                                                                                                                                                                                                                                                                  ; --            ; --          ; gmm_fg_detector ;
; SLD_NODE_PARAMETER_ASSIGNMENT                ; SLD_STATE_BITS=11                                                                                                                                                                                                                                                                                                               ; --            ; --          ; gmm_fg_detector ;
; SLD_NODE_PARAMETER_ASSIGNMENT                ; SLD_BUFFER_FULL_STOP=1                                                                                                                                                                                                                                                                                                          ; --            ; --          ; gmm_fg_detector ;
; SLD_NODE_PARAMETER_ASSIGNMENT                ; SLD_CURRENT_RESOURCE_WIDTH=1                                                                                                                                                                                                                                                                                                    ; --            ; --          ; gmm_fg_detector ;
; SLD_NODE_PARAMETER_ASSIGNMENT                ; SLD_INCREMENTAL_ROUTING=1                                                                                                                                                                                                                                                                                                       ; --            ; --          ; gmm_fg_detector ;
; SLD_NODE_PARAMETER_ASSIGNMENT                ; SLD_TRIGGER_LEVEL=1                                                                                                                                                                                                                                                                                                             ; --            ; --          ; gmm_fg_detector ;
; SLD_NODE_PARAMETER_ASSIGNMENT                ; SLD_SAMPLE_DEPTH=512                                                                                                                                                                                                                                                                                                            ; --            ; --          ; gmm_fg_detector ;
; SLD_NODE_PARAMETER_ASSIGNMENT                ; SLD_TRIGGER_IN_ENABLED=0                                                                                                                                                                                                                                                                                                        ; --            ; --          ; gmm_fg_detector ;
; SLD_NODE_PARAMETER_ASSIGNMENT                ; SLD_TRIGGER_PIPELINE=0                                                                                                                                                                                                                                                                                                          ; --            ; --          ; gmm_fg_detector ;
; SLD_NODE_PARAMETER_ASSIGNMENT                ; SLD_RAM_PIPELINE=0                                                                                                                                                                                                                                                                                                              ; --            ; --          ; gmm_fg_detector ;
; SLD_NODE_PARAMETER_ASSIGNMENT                ; SLD_COUNTER_PIPELINE=0                                                                                                                                                                                                                                                                                                          ; --            ; --          ; gmm_fg_detector ;
; SLD_NODE_PARAMETER_ASSIGNMENT                ; SLD_ADVANCED_TRIGGER_ENTITY=basic,1,                                                                                                                                                                                                                                                                                            ; --            ; --          ; gmm_fg_detector ;
; SLD_NODE_PARAMETER_ASSIGNMENT                ; SLD_TRIGGER_LEVEL_PIPELINE=1                                                                                                                                                                                                                                                                                                    ; --            ; --          ; gmm_fg_detector ;
; SLD_NODE_PARAMETER_ASSIGNMENT                ; SLD_ENABLE_ADVANCED_TRIGGER=0                                                                                                                                                                                                                                                                                                   ; --            ; --          ; gmm_fg_detector ;
; SLD_NODE_PARAMETER_ASSIGNMENT                ; SLD_RAM_BLOCK_TYPE=AUTO                                                                                                                                                                                                                                                                                                         ; --            ; --          ; vfb_gmm_in_out  ;
; SLD_NODE_PARAMETER_ASSIGNMENT                ; SLD_NODE_INFO=805334529                                                                                                                                                                                                                                                                                                         ; --            ; --          ; vfb_gmm_in_out  ;
; SLD_NODE_PARAMETER_ASSIGNMENT                ; SLD_POWER_UP_TRIGGER=0                                                                                                                                                                                                                                                                                                          ; --            ; --          ; vfb_gmm_in_out  ;
; SLD_NODE_PARAMETER_ASSIGNMENT                ; SLD_STORAGE_QUALIFIER_INVERSION_MASK_LENGTH=0                                                                                                                                                                                                                                                                                   ; --            ; --          ; vfb_gmm_in_out  ;
; SLD_NODE_PARAMETER_ASSIGNMENT                ; SLD_ATTRIBUTE_MEM_MODE=OFF                                                                                                                                                                                                                                                                                                      ; --            ; --          ; vfb_gmm_in_out  ;
; SLD_NODE_PARAMETER_ASSIGNMENT                ; SLD_STATE_FLOW_USE_GENERATED=0                                                                                                                                                                                                                                                                                                  ; --            ; --          ; vfb_gmm_in_out  ;
; SLD_NODE_PARAMETER_ASSIGNMENT                ; SLD_STATE_BITS=11                                                                                                                                                                                                                                                                                                               ; --            ; --          ; vfb_gmm_in_out  ;
; SLD_NODE_PARAMETER_ASSIGNMENT                ; SLD_BUFFER_FULL_STOP=1                                                                                                                                                                                                                                                                                                          ; --            ; --          ; vfb_gmm_in_out  ;
; SLD_NODE_PARAMETER_ASSIGNMENT                ; SLD_CURRENT_RESOURCE_WIDTH=1                                                                                                                                                                                                                                                                                                    ; --            ; --          ; vfb_gmm_in_out  ;
; SLD_NODE_PARAMETER_ASSIGNMENT                ; SLD_INCREMENTAL_ROUTING=1                                                                                                                                                                                                                                                                                                       ; --            ; --          ; vfb_gmm_in_out  ;
; SLD_NODE_PARAMETER_ASSIGNMENT                ; SLD_TRIGGER_LEVEL=1                                                                                                                                                                                                                                                                                                             ; --            ; --          ; vfb_gmm_in_out  ;
; SLD_NODE_PARAMETER_ASSIGNMENT                ; SLD_TRIGGER_IN_ENABLED=0                                                                                                                                                                                                                                                                                                        ; --            ; --          ; vfb_gmm_in_out  ;
; SLD_NODE_PARAMETER_ASSIGNMENT                ; SLD_TRIGGER_PIPELINE=0                                                                                                                                                                                                                                                                                                          ; --            ; --          ; vfb_gmm_in_out  ;
; SLD_NODE_PARAMETER_ASSIGNMENT                ; SLD_RAM_PIPELINE=0                                                                                                                                                                                                                                                                                                              ; --            ; --          ; vfb_gmm_in_out  ;
; SLD_NODE_PARAMETER_ASSIGNMENT                ; SLD_COUNTER_PIPELINE=0                                                                                                                                                                                                                                                                                                          ; --            ; --          ; vfb_gmm_in_out  ;
; SLD_NODE_PARAMETER_ASSIGNMENT                ; SLD_ADVANCED_TRIGGER_ENTITY=basic,1,                                                                                                                                                                                                                                                                                            ; --            ; --          ; vfb_gmm_in_out  ;
; SLD_NODE_PARAMETER_ASSIGNMENT                ; SLD_TRIGGER_LEVEL_PIPELINE=1                                                                                                                                                                                                                                                                                                    ; --            ; --          ; vfb_gmm_in_out  ;
; SLD_NODE_PARAMETER_ASSIGNMENT                ; SLD_ENABLE_ADVANCED_TRIGGER=0                                                                                                                                                                                                                                                                                                   ; --            ; --          ; vfb_gmm_in_out  ;
; SLD_NODE_PARAMETER_ASSIGNMENT                ; SLD_DATA_BITS=70                                                                                                                                                                                                                                                                                                                ; --            ; --          ; vfb_gmm_in_out  ;
; SLD_NODE_PARAMETER_ASSIGNMENT                ; SLD_TRIGGER_BITS=70                                                                                                                                                                                                                                                                                                             ; --            ; --          ; vfb_gmm_in_out  ;
; SLD_NODE_PARAMETER_ASSIGNMENT                ; SLD_STORAGE_QUALIFIER_BITS=70                                                                                                                                                                                                                                                                                                   ; --            ; --          ; vfb_gmm_in_out  ;
; SLD_NODE_PARAMETER_ASSIGNMENT                ; SLD_INVERSION_MASK=00000000000000000000000000000000000000000000000000000000000000000000000000000000000000000000000000000000000000000000000000000000000000000000000000000000000000000000000000000000000000000000000000000000000000000000000000000000000000000                                                                    ; --            ; --          ; vfb_gmm_in_out  ;
; SLD_NODE_PARAMETER_ASSIGNMENT                ; SLD_INVERSION_MASK_LENGTH=233                                                                                                                                                                                                                                                                                                   ; --            ; --          ; vfb_gmm_in_out  ;
; SLD_NODE_PARAMETER_ASSIGNMENT                ; SLD_SEGMENT_SIZE=512                                                                                                                                                                                                                                                                                                            ; --            ; --          ; vfb_gmm_in_out  ;
; SLD_NODE_PARAMETER_ASSIGNMENT                ; SLD_SAMPLE_DEPTH=512                                                                                                                                                                                                                                                                                                            ; --            ; --          ; vfb_gmm_in_out  ;
; SLD_NODE_PARAMETER_ASSIGNMENT                ; SLD_RAM_BLOCK_TYPE=AUTO                                                                                                                                                                                                                                                                                                         ; --            ; --          ; vfb_in          ;
; SLD_NODE_PARAMETER_ASSIGNMENT                ; SLD_DATA_BITS=28                                                                                                                                                                                                                                                                                                                ; --            ; --          ; vfb_in          ;
; SLD_NODE_PARAMETER_ASSIGNMENT                ; SLD_TRIGGER_BITS=28                                                                                                                                                                                                                                                                                                             ; --            ; --          ; vfb_in          ;
; SLD_NODE_PARAMETER_ASSIGNMENT                ; SLD_STORAGE_QUALIFIER_BITS=28                                                                                                                                                                                                                                                                                                   ; --            ; --          ; vfb_in          ;
; SLD_NODE_PARAMETER_ASSIGNMENT                ; SLD_NODE_INFO=805334528                                                                                                                                                                                                                                                                                                         ; --            ; --          ; vfb_in          ;
; SLD_NODE_PARAMETER_ASSIGNMENT                ; SLD_POWER_UP_TRIGGER=0                                                                                                                                                                                                                                                                                                          ; --            ; --          ; vfb_in          ;
; SLD_NODE_PARAMETER_ASSIGNMENT                ; SLD_INVERSION_MASK=000000000000000000000000000000000000000000000000000000000000000000000000000000000000000000000000000000000                                                                                                                                                                                                    ; --            ; --          ; vfb_in          ;
; SLD_NODE_PARAMETER_ASSIGNMENT                ; SLD_INVERSION_MASK_LENGTH=105                                                                                                                                                                                                                                                                                                   ; --            ; --          ; vfb_in          ;
; SLD_NODE_PARAMETER_ASSIGNMENT                ; SLD_STORAGE_QUALIFIER_INVERSION_MASK_LENGTH=0                                                                                                                                                                                                                                                                                   ; --            ; --          ; vfb_in          ;
; SLD_NODE_PARAMETER_ASSIGNMENT                ; SLD_SEGMENT_SIZE=128                                                                                                                                                                                                                                                                                                            ; --            ; --          ; vfb_in          ;
; SLD_NODE_PARAMETER_ASSIGNMENT                ; SLD_ATTRIBUTE_MEM_MODE=OFF                                                                                                                                                                                                                                                                                                      ; --            ; --          ; vfb_in          ;
; SLD_NODE_PARAMETER_ASSIGNMENT                ; SLD_STATE_FLOW_USE_GENERATED=0                                                                                                                                                                                                                                                                                                  ; --            ; --          ; vfb_in          ;
; SLD_NODE_PARAMETER_ASSIGNMENT                ; SLD_STATE_BITS=11                                                                                                                                                                                                                                                                                                               ; --            ; --          ; vfb_in          ;
; SLD_NODE_PARAMETER_ASSIGNMENT                ; SLD_BUFFER_FULL_STOP=1                                                                                                                                                                                                                                                                                                          ; --            ; --          ; vfb_in          ;
; SLD_NODE_PARAMETER_ASSIGNMENT                ; SLD_CURRENT_RESOURCE_WIDTH=1                                                                                                                                                                                                                                                                                                    ; --            ; --          ; vfb_in          ;
; SLD_NODE_PARAMETER_ASSIGNMENT                ; SLD_INCREMENTAL_ROUTING=1                                                                                                                                                                                                                                                                                                       ; --            ; --          ; vfb_in          ;
; SLD_NODE_PARAMETER_ASSIGNMENT                ; SLD_TRIGGER_LEVEL=1                                                                                                                                                                                                                                                                                                             ; --            ; --          ; vfb_in          ;
; SLD_NODE_PARAMETER_ASSIGNMENT                ; SLD_SAMPLE_DEPTH=2048                                                                                                                                                                                                                                                                                                           ; --            ; --          ; vfb_in          ;
; SLD_NODE_PARAMETER_ASSIGNMENT                ; SLD_TRIGGER_IN_ENABLED=0                                                                                                                                                                                                                                                                                                        ; --            ; --          ; vfb_in          ;
; SLD_NODE_PARAMETER_ASSIGNMENT                ; SLD_TRIGGER_PIPELINE=0                                                                                                                                                                                                                                                                                                          ; --            ; --          ; vfb_in          ;
; SLD_NODE_PARAMETER_ASSIGNMENT                ; SLD_RAM_PIPELINE=0                                                                                                                                                                                                                                                                                                              ; --            ; --          ; vfb_in          ;
; SLD_NODE_PARAMETER_ASSIGNMENT                ; SLD_COUNTER_PIPELINE=0                                                                                                                                                                                                                                                                                                          ; --            ; --          ; vfb_in          ;
; SLD_NODE_PARAMETER_ASSIGNMENT                ; SLD_ADVANCED_TRIGGER_ENTITY=basic,1,                                                                                                                                                                                                                                                                                            ; --            ; --          ; vfb_in          ;
; SLD_NODE_PARAMETER_ASSIGNMENT                ; SLD_TRIGGER_LEVEL_PIPELINE=1                                                                                                                                                                                                                                                                                                    ; --            ; --          ; vfb_in          ;
; SLD_NODE_PARAMETER_ASSIGNMENT                ; SLD_ENABLE_ADVANCED_TRIGGER=0                                                                                                                                                                                                                                                                                                   ; --            ; --          ; vfb_in          ;
; USE_DLL_FREQUENCY_FOR_DQS_DELAY_CHAIN        ; On                                                                                                                                                                                                                                                                                                                              ; Off           ; --          ; --              ;
; USE_SIGNALTAP_FILE                           ; output_files/stp2.stp                                                                                                                                                                                                                                                                                                           ; --            ; --          ; --              ;
+----------------------------------------------+---------------------------------------------------------------------------------------------------------------------------------------------------------------------------------------------------------------------------------------------------------------------------------------------------------------------------------+---------------+-------------+-----------------+


+--------------------------------------------------------------------------------------------------------------------------+
; Flow Elapsed Time                                                                                                        ;
+----------------------+--------------+-------------------------+---------------------+------------------------------------+
; Module Name          ; Elapsed Time ; Average Processors Used ; Peak Virtual Memory ; Total CPU Time (on all processors) ;
+----------------------+--------------+-------------------------+---------------------+------------------------------------+
; Analysis & Synthesis ; 00:09:22     ; 1.1                     ; 2806 MB             ; 00:10:46                           ;
; Fitter               ; 00:29:56     ; 1.1                     ; 5843 MB             ; 00:44:08                           ;
; Assembler            ; 00:00:32     ; 1.0                     ; 1467 MB             ; 00:00:32                           ;
; Timing Analyzer      ; 00:04:12     ; 1.4                     ; 4068 MB             ; 00:05:43                           ;
; Total                ; 00:44:02     ; --                      ; --                  ; 01:01:09                           ;
+----------------------+--------------+-------------------------+---------------------+------------------------------------+


+-----------------------------------------------------------------------------------+
; Flow OS Summary                                                                   ;
+----------------------+------------------+-----------+------------+----------------+
; Module Name          ; Machine Hostname ; OS Name   ; OS Version ; Processor type ;
+----------------------+------------------+-----------+------------+----------------+
; Analysis & Synthesis ; ST441-03         ; Windows 7 ; 6.1        ; x86_64         ;
; Fitter               ; ST441-03         ; Windows 7 ; 6.1        ; x86_64         ;
; Assembler            ; ST441-03         ; Windows 7 ; 6.1        ; x86_64         ;
; Timing Analyzer      ; ST441-03         ; Windows 7 ; 6.1        ; x86_64         ;
+----------------------+------------------+-----------+------------+----------------+


------------
; Flow Log ;
------------
quartus_map --read_settings_files=on --write_settings_files=off DE10_Nano_D8M_DDR3 -c DE10_Nano_D8M_DDR3
quartus_fit --read_settings_files=off --write_settings_files=off DE10_Nano_D8M_DDR3 -c DE10_Nano_D8M_DDR3
quartus_asm --read_settings_files=off --write_settings_files=off DE10_Nano_D8M_DDR3 -c DE10_Nano_D8M_DDR3
quartus_sta DE10_Nano_D8M_DDR3 -c DE10_Nano_D8M_DDR3



