Info: Starting: Create HDL design files for synthesis
Info: qsys-generate D:\trash\InnovateFPGA\FPGA\DE10_Nano_D8M_DDR3\soc_system.qsys --synthesis=VERILOG --output-directory=D:\trash\InnovateFPGA\FPGA\DE10_Nano_D8M_DDR3\soc_system\synthesis --family="Cyclone V" --part=5CSEBA6U23I7
Progress: Loading DE10_Nano_D8M_DDR3/soc_system.qsys
Progress: Reading input file
Progress: Adding TERASIC_CAMERA_0 [TERASIC_CAMERA 1.0]
Progress: Parameterizing module TERASIC_CAMERA_0
Progress: Adding alt_vip_cl_vfb_0 [alt_vip_cl_vfb 18.1]
Progress: Parameterizing module alt_vip_cl_vfb_0
Progress: Adding alt_vip_itc_0 [alt_vip_itc 14.0]
Progress: Parameterizing module alt_vip_itc_0
Progress: Adding clk_50 [clock_source 18.1]
Progress: Parameterizing module clk_50
Progress: Adding cpu [altera_nios2_gen2 18.1]
Progress: Parameterizing module cpu
Progress: Adding cpu_ram [altera_avalon_onchip_memory2 18.1]
Progress: Parameterizing module cpu_ram
Progress: Adding dc_fifo_from_gmm [altera_avalon_dc_fifo 18.1]
Progress: Parameterizing module dc_fifo_from_gmm
Progress: Adding dc_fifo_to_gmm [altera_avalon_dc_fifo 18.1]
Progress: Parameterizing module dc_fifo_to_gmm
Progress: Adding gmm [gmm 1.0]
Progress: Parameterizing module gmm
Progress: Adding hps_ddr3 [terasic_hps_ddr3 1.0]
Progress: Parameterizing module hps_ddr3
Progress: Adding jtag_uart [altera_avalon_jtag_uart 18.1]
Progress: Parameterizing module jtag_uart
Progress: Adding mm_clock_crossing_bridge [altera_avalon_mm_clock_crossing_bridge 18.1]
Progress: Parameterizing module mm_clock_crossing_bridge
Progress: Adding pll_0 [altera_pll 18.1]
Progress: Parameterizing module pll_0
Progress: Adding pll_1 [altera_pll 18.1]
Progress: Parameterizing module pll_1
Progress: Adding snk_video_adapter_0 [snk_video_adapter 1.0]
Progress: Parameterizing module snk_video_adapter_0
Progress: Adding st_adapter_1 [altera_avalon_st_adapter 18.1]
Progress: Parameterizing module st_adapter_1
Progress: Adding sysid [altera_avalon_sysid_qsys 18.1]
Progress: Parameterizing module sysid
Progress: Building connections
Progress: Parameterizing connections
Progress: Validating
Progress: Done reading input file
Info: soc_system.alt_vip_cl_vfb_0: Buffer 3 frames, storage required is 18228 kB (0x03f48460 to 0x05115460)
Info: soc_system.gmm.in_dma: Address alignment of the descriptors: The descriptors must be aligned on Avalon-MM Descriptor read/write master's data width boundary. In this case, it is 32-bit boundary.
Info: soc_system.gmm.in_dma.dispatcher_internal: Interrupts must be handled by the component connected to the response source port (such as a descriptor pre-fetching block)
Info: soc_system.gmm.in_dma.write_mstr_internal: You have selected a length width that spans a larger transfer size than is addressable by the master port.  Reducing the length width will improve the Fmax of this component.
Info: soc_system.gmm.out_dma: Address alignment of the descriptors: The descriptors must be aligned on Avalon-MM Descriptor read/write master's data width boundary. In this case, it is 32-bit boundary.
Info: soc_system.gmm.out_dma.dispatcher_internal: Interrupts must be handled by the component connected to the response source port (such as a descriptor pre-fetching block)
Info: soc_system.gmm.out_dma.read_mstr_internal: You have selected a length width that spans a larger transfer size than is addressable by the master port.  Reducing the length width will improve the Fmax of this component.
Warning: soc_system.gmm.in_dma: Interrupt sender in_dma.csr_irq is not connected to an interrupt receiver
Warning: soc_system.gmm.out_dma: Interrupt sender out_dma.csr_irq is not connected to an interrupt receiver
Warning: soc_system.gmm.in_dma: in_dma.csr must be connected to an Avalon-MM master
Warning: soc_system.gmm.out_dma: out_dma.csr must be connected to an Avalon-MM master
Info: soc_system.hps_ddr3.hps: HPS Main PLL counter settings: n = 0  m = 63
Info: soc_system.hps_ddr3.hps: HPS peripherial PLL counter settings: n = 0  m = 39
Info: soc_system.jtag_uart: JTAG UART IP input clock need to be at least double (2x) the operating frequency of JTAG TCK on board
Info: soc_system.pll_0: The legal reference clock frequency is 5.0 MHz..700.0 MHz
Warning: soc_system.pll_0: Able to implement PLL - Actual settings differ from Requested settings
Info: soc_system.pll_1: The legal reference clock frequency is 50.0 MHz..700.0 MHz
Info: soc_system.pll_1: Able to implement PLL with user settings
Info: soc_system.st_adapter_1: Inserting timing_adapter: timing_adapter_0
Info: soc_system.sysid: System ID is not assigned automatically. Edit the System ID parameter to provide a unique ID
Info: soc_system.sysid: Time stamp will be automatically updated when this component is generated.
Info: soc_system.TERASIC_CAMERA_0.avalon_streaming_source/dc_fifo_to_gmm.in: Ready latency is 1 for source and 0 for sink. Avalon-ST Adapter will be inserted..
Info: soc_system.TERASIC_CAMERA_0.avalon_streaming_source/dc_fifo_to_gmm.in: The sink has a empty signal of 2 bits, but the source does not. Avalon-ST Adapter will be inserted.
Info: soc_system.dc_fifo_to_gmm.out/gmm.snk_video: The source has a empty signal of 2 bits, but the sink does not. Avalon-ST Adapter will be inserted.
Info: soc_system.gmm.src_video/dc_fifo_from_gmm.in: The sink has a empty signal of 2 bits, but the source does not. Avalon-ST Adapter will be inserted.
Info: soc_system: Generating soc_system "soc_system" for QUARTUS_SYNTH
Info: Interconnect is inserted between master mm_clock_crossing_bridge.m0 and slave gmm.gmm_fg_detector_cpu because the master has waitrequest signal 1 bit wide, but the slave is 0 bit wide.
Info: Interconnect is inserted between master mm_clock_crossing_bridge.m0 and slave gmm.gmm_fg_detector_cpu because the master has readdatavalid signal 1 bit wide, but the slave is 0 bit wide.
Info: Interconnect is inserted between master mm_clock_crossing_bridge.m0 and slave gmm.gmm_fg_detector_cpu because the master has burstcount signal 1 bit wide, but the slave is 0 bit wide.
Info: Interconnect is inserted between master mm_clock_crossing_bridge.m0 and slave gmm.gmm_fg_detector_cpu because the master has byteenable signal 4 bit wide, but the slave is 0 bit wide.
Info: Interconnect is inserted between master mm_clock_crossing_bridge.m0 and slave gmm.gmm_fg_detector_cpu because the master has debugaccess signal 1 bit wide, but the slave is 0 bit wide.
Info: avalon_st_adapter: Inserting data_format_adapter: data_format_adapter_0
Info: avalon_st_adapter: Inserting timing_adapter: timing_adapter_0
Info: avalon_st_adapter_001: Inserting data_format_adapter: data_format_adapter_0
Warning: avalon_st_adapter_001.data_format_adapter_0: The symbols per beat on input interface(3) and the output interface(3) match,  but the input interface is using the empty signal, while the output interface is not using the empty signal.  Empty signal data may be lost between the input and the output interface (across this adapter).
Info: avalon_st_adapter_002: Inserting data_format_adapter: data_format_adapter_0
Info: TERASIC_CAMERA_0: "soc_system" instantiated TERASIC_CAMERA "TERASIC_CAMERA_0"
Info: alt_vip_cl_vfb_0: "soc_system" instantiated alt_vip_cl_vfb "alt_vip_cl_vfb_0"
Info: alt_vip_itc_0: "soc_system" instantiated alt_vip_itc "alt_vip_itc_0"
Info: cpu: "soc_system" instantiated altera_nios2_gen2 "cpu"
Info: cpu_ram: Starting RTL generation for module 'soc_system_cpu_ram'
Info: cpu_ram:   Generation command is [exec D:/intelfpga/18.1/quartus/bin64/perl/bin/perl.exe -I D:/intelfpga/18.1/quartus/bin64/perl/lib -I D:/intelfpga/18.1/quartus/sopc_builder/bin/europa -I D:/intelfpga/18.1/quartus/sopc_builder/bin/perl_lib -I D:/intelfpga/18.1/quartus/sopc_builder/bin -I D:/intelfpga/18.1/quartus/../ip/altera/sopc_builder_ip/common -I D:/intelfpga/18.1/quartus/../ip/altera/sopc_builder_ip/altera_avalon_onchip_memory2 -- D:/intelfpga/18.1/quartus/../ip/altera/sopc_builder_ip/altera_avalon_onchip_memory2/generate_rtl.pl --name=soc_system_cpu_ram --dir=C:/Users/KALSHC~1/AppData/Local/Temp/alt8235_586136218005593865.dir/0005_cpu_ram_gen/ --quartus_dir=D:/intelfpga/18.1/quartus --verilog --config=C:/Users/KALSHC~1/AppData/Local/Temp/alt8235_586136218005593865.dir/0005_cpu_ram_gen//soc_system_cpu_ram_component_configuration.pl  --do_build_sim=0  ]
Info: cpu_ram: Done RTL generation for module 'soc_system_cpu_ram'
Info: cpu_ram: "soc_system" instantiated altera_avalon_onchip_memory2 "cpu_ram"
Info: dc_fifo_from_gmm: "soc_system" instantiated altera_avalon_dc_fifo "dc_fifo_from_gmm"
Info: Interconnect is inserted between master gmm_fg_detector.in_ram and slave in_ram.s1 because the master has read signal 1 bit wide, but the slave is 0 bit wide.
Info: Interconnect is inserted between master gmm_fg_detector.out_ram and slave out_ram.s1 because the master has read signal 1 bit wide, but the slave is 0 bit wide.
Info: gmm: "soc_system" instantiated gmm "gmm"
Info: Interconnect is inserted between master address_span_extender_0.expanded_master and slave hps.f2h_sdram0_data because the master has address signal 32 bit wide, but the slave is 28 bit wide.
Info: Interconnect is inserted between master address_span_extender_0.expanded_master and slave hps.f2h_sdram0_data because the master has burstcount signal 9 bit wide, but the slave is 8 bit wide.
Info: hps_ddr3: "soc_system" instantiated terasic_hps_ddr3 "hps_ddr3"
Info: jtag_uart: Starting RTL generation for module 'soc_system_jtag_uart'
Info: jtag_uart:   Generation command is [exec D:/intelfpga/18.1/quartus/bin64/perl/bin/perl.exe -I D:/intelfpga/18.1/quartus/bin64/perl/lib -I D:/intelfpga/18.1/quartus/sopc_builder/bin/europa -I D:/intelfpga/18.1/quartus/sopc_builder/bin/perl_lib -I D:/intelfpga/18.1/quartus/sopc_builder/bin -I D:/intelfpga/18.1/quartus/../ip/altera/sopc_builder_ip/common -I D:/intelfpga/18.1/quartus/../ip/altera/sopc_builder_ip/altera_avalon_jtag_uart -- D:/intelfpga/18.1/quartus/../ip/altera/sopc_builder_ip/altera_avalon_jtag_uart/generate_rtl.pl --name=soc_system_jtag_uart --dir=C:/Users/KALSHC~1/AppData/Local/Temp/alt8235_586136218005593865.dir/0007_jtag_uart_gen/ --quartus_dir=D:/intelfpga/18.1/quartus --verilog --config=C:/Users/KALSHC~1/AppData/Local/Temp/alt8235_586136218005593865.dir/0007_jtag_uart_gen//soc_system_jtag_uart_component_configuration.pl  --do_build_sim=0  ]
Info: jtag_uart: Done RTL generation for module 'soc_system_jtag_uart'
Info: jtag_uart: "soc_system" instantiated altera_avalon_jtag_uart "jtag_uart"
Info: mm_clock_crossing_bridge: "soc_system" instantiated altera_avalon_mm_clock_crossing_bridge "mm_clock_crossing_bridge"
Info: Reusing file D:/trash/InnovateFPGA/FPGA/DE10_Nano_D8M_DDR3/soc_system/synthesis/submodules/altera_avalon_dc_fifo.v
Info: Reusing file D:/trash/InnovateFPGA/FPGA/DE10_Nano_D8M_DDR3/soc_system/synthesis/submodules/altera_dcfifo_synchronizer_bundle.v
Info: Reusing file D:/trash/InnovateFPGA/FPGA/DE10_Nano_D8M_DDR3/soc_system/synthesis/submodules/altera_std_synchronizer_nocut.v
Info: Reusing file D:/trash/InnovateFPGA/FPGA/DE10_Nano_D8M_DDR3/soc_system/synthesis/submodules/altera_avalon_dc_fifo.sdc
Info: pll_0: "soc_system" instantiated altera_pll "pll_0"
Info: pll_1: "soc_system" instantiated altera_pll "pll_1"
Info: snk_video_adapter_0: "soc_system" instantiated snk_video_adapter "snk_video_adapter_0"
Info: st_adapter_1: "soc_system" instantiated altera_avalon_st_adapter "st_adapter_1"
Info: sysid: "soc_system" instantiated altera_avalon_sysid_qsys "sysid"
Info: avalon_st_adapter: Inserting error_adapter: error_adapter_0
Info: avalon_st_adapter_001: Inserting error_adapter: error_adapter_0
Info: avalon_st_adapter_002: Inserting error_adapter: error_adapter_0
Info: avalon_st_adapter_003: Inserting error_adapter: error_adapter_0
Info: avalon_st_adapter_004: Inserting error_adapter: error_adapter_0
Info: mm_interconnect_0: "soc_system" instantiated altera_mm_interconnect "mm_interconnect_0"
Info: mm_interconnect_1: "soc_system" instantiated altera_mm_interconnect "mm_interconnect_1"
Info: avalon_st_adapter: Inserting error_adapter: error_adapter_0
Info: mm_interconnect_2: "soc_system" instantiated altera_mm_interconnect "mm_interconnect_2"
Info: irq_mapper: "soc_system" instantiated altera_irq_mapper "irq_mapper"
Info: avalon_st_adapter: "soc_system" instantiated altera_avalon_st_adapter "avalon_st_adapter"
Info: avalon_st_adapter_001: "soc_system" instantiated altera_avalon_st_adapter "avalon_st_adapter_001"
Info: avalon_st_adapter_002: "soc_system" instantiated altera_avalon_st_adapter "avalon_st_adapter_002"
Info: rst_controller: "soc_system" instantiated altera_reset_controller "rst_controller"
Info: video_in: "alt_vip_cl_vfb_0" instantiated alt_vip_video_input_bridge "video_in"
Info: wr_ctrl: "alt_vip_cl_vfb_0" instantiated alt_vip_vfb_wr_ctrl "wr_ctrl"
Info: pkt_trans_wr: "alt_vip_cl_vfb_0" instantiated alt_vip_packet_transfer "pkt_trans_wr"
Info: Reusing file D:/trash/InnovateFPGA/FPGA/DE10_Nano_D8M_DDR3/soc_system/synthesis/submodules/common/alt_vip_common_pkg.sv
Info: Reusing file D:/trash/InnovateFPGA/FPGA/DE10_Nano_D8M_DDR3/soc_system/synthesis/submodules/modules/alt_vip_common_event_packet_decode/src_hdl/alt_vip_common_event_packet_decode.sv
Info: Reusing file D:/trash/InnovateFPGA/FPGA/DE10_Nano_D8M_DDR3/soc_system/synthesis/submodules/modules/alt_vip_common_event_packet_encode/src_hdl/alt_vip_common_event_packet_encode.sv
Info: rd_ctrl: "alt_vip_cl_vfb_0" instantiated alt_vip_vfb_rd_ctrl "rd_ctrl"
Info: Reusing file D:/trash/InnovateFPGA/FPGA/DE10_Nano_D8M_DDR3/soc_system/synthesis/submodules/common/alt_vip_common_pkg.sv
Info: Reusing file D:/trash/InnovateFPGA/FPGA/DE10_Nano_D8M_DDR3/soc_system/synthesis/submodules/modules/alt_vip_common_event_packet_decode/src_hdl/alt_vip_common_event_packet_decode.sv
Info: Reusing file D:/trash/InnovateFPGA/FPGA/DE10_Nano_D8M_DDR3/soc_system/synthesis/submodules/modules/alt_vip_common_event_packet_encode/src_hdl/alt_vip_common_event_packet_encode.sv
Info: video_out: "alt_vip_cl_vfb_0" instantiated alt_vip_video_output_bridge "video_out"
Info: Reusing file D:/trash/InnovateFPGA/FPGA/DE10_Nano_D8M_DDR3/soc_system/synthesis/submodules/common/alt_vip_common_pkg.sv
Info: Reusing file D:/trash/InnovateFPGA/FPGA/DE10_Nano_D8M_DDR3/soc_system/synthesis/submodules/modules/alt_vip_common_event_packet_decode/src_hdl/alt_vip_common_event_packet_decode.sv
Info: Reusing file D:/trash/InnovateFPGA/FPGA/DE10_Nano_D8M_DDR3/soc_system/synthesis/submodules/modules/alt_vip_common_event_packet_encode/src_hdl/alt_vip_common_event_packet_encode.sv
Info: sync_ctrl: "alt_vip_cl_vfb_0" instantiated alt_vip_vfb_sync_ctrl "sync_ctrl"
Info: Reusing file D:/trash/InnovateFPGA/FPGA/DE10_Nano_D8M_DDR3/soc_system/synthesis/submodules/common/alt_vip_common_pkg.sv
Info: Reusing file D:/trash/InnovateFPGA/FPGA/DE10_Nano_D8M_DDR3/soc_system/synthesis/submodules/modules/alt_vip_common_event_packet_decode/src_hdl/alt_vip_common_event_packet_decode.sv
Info: Reusing file D:/trash/InnovateFPGA/FPGA/DE10_Nano_D8M_DDR3/soc_system/synthesis/submodules/modules/alt_vip_common_event_packet_encode/src_hdl/alt_vip_common_event_packet_encode.sv
Info: cpu: Starting RTL generation for module 'soc_system_cpu_cpu'
Info: cpu:   Generation command is [exec D:/intelFPGA/18.1/quartus/bin64//eperlcmd.exe -I D:/intelFPGA/18.1/quartus/bin64//perl/lib -I D:/intelfpga/18.1/quartus/sopc_builder/bin/europa -I D:/intelfpga/18.1/quartus/sopc_builder/bin/perl_lib -I D:/intelfpga/18.1/quartus/sopc_builder/bin -I D:/intelfpga/18.1/quartus/../ip/altera/nios2_ip/altera_nios2_gen2/cpu_lib -I D:/intelfpga/18.1/quartus/../ip/altera/nios2_ip/altera_nios2_gen2/nios_lib -I D:/intelfpga/18.1/quartus/../ip/altera/nios2_ip/altera_nios2_gen2 -I D:/intelfpga/18.1/quartus/../ip/altera/nios2_ip/altera_nios2_gen2 -- D:/intelfpga/18.1/quartus/../ip/altera/nios2_ip/altera_nios2_gen2/generate_rtl.epl --name=soc_system_cpu_cpu --dir=C:/Users/KALSHC~1/AppData/Local/Temp/alt8235_586136218005593865.dir/0020_cpu_gen/ --quartus_bindir=D:/intelFPGA/18.1/quartus/bin64/ --verilog --config=C:/Users/KALSHC~1/AppData/Local/Temp/alt8235_586136218005593865.dir/0020_cpu_gen//soc_system_cpu_cpu_processor_configuration.pl  --do_build_sim=0  ]
Info: cpu: # 2019.12.05 18:02:41 (*) Starting Nios II generation
Info: cpu: # 2019.12.05 18:02:41 (*)   Checking for plaintext license.
Info: cpu: # 2019.12.05 18:02:41 (*)   Couldn't query license setup in Quartus directory D:/intelFPGA/18.1/quartus/bin64/
Info: cpu: # 2019.12.05 18:02:41 (*)   Defaulting to contents of LM_LICENSE_FILE environment variable
Info: cpu: # 2019.12.05 18:02:41 (*)   Plaintext license not found.
Info: cpu: # 2019.12.05 18:02:41 (*)   Checking for encrypted license (non-evaluation).
Info: cpu: # 2019.12.05 18:02:41 (*)   Couldn't query license setup in Quartus directory D:/intelFPGA/18.1/quartus/bin64/
Info: cpu: # 2019.12.05 18:02:41 (*)   Defaulting to contents of LM_LICENSE_FILE environment variable
Info: cpu: # 2019.12.05 18:02:42 (*)   Encrypted license not found.  Defaulting to OCP evaluation license (produces a time-limited SOF)
Info: cpu: # 2019.12.05 18:02:42 (*)   Elaborating CPU configuration settings
Info: cpu: # 2019.12.05 18:02:42 (*)   Creating all objects for CPU
Info: cpu: # 2019.12.05 18:02:42 (*)     Testbench
Info: cpu: # 2019.12.05 18:02:42 (*)     Instruction decoding
Info: cpu: # 2019.12.05 18:02:42 (*)       Instruction fields
Info: cpu: # 2019.12.05 18:02:42 (*)       Instruction decodes
Info: cpu: # 2019.12.05 18:02:43 (*)       Signals for RTL simulation waveforms
Info: cpu: # 2019.12.05 18:02:43 (*)       Instruction controls
Info: cpu: # 2019.12.05 18:02:43 (*)     Pipeline frontend
Info: cpu: # 2019.12.05 18:02:43 (*)     Pipeline backend
Info: cpu: # 2019.12.05 18:02:44 (*)   Generating RTL from CPU objects
Info: cpu: # 2019.12.05 18:02:46 (*)   Creating encrypted RTL
Info: cpu: # 2019.12.05 18:02:46 (*) Done Nios II generation
Info: cpu: Done RTL generation for module 'soc_system_cpu_cpu'
Info: cpu: "cpu" instantiated altera_nios2_gen2_unit "cpu"
Info: gmm_fg_detector: "gmm" instantiated gmm_fg_detector "gmm_fg_detector"
Info: gmm_fg_visor: "gmm" instantiated gmm_fg_visor "gmm_fg_visor"
Info: in_dma: "gmm" instantiated altera_msgdma "in_dma"
Info: in_ram: Starting RTL generation for module 'soc_system_gmm_in_ram'
Info: in_ram:   Generation command is [exec D:/intelfpga/18.1/quartus/bin64/perl/bin/perl.exe -I D:/intelfpga/18.1/quartus/bin64/perl/lib -I D:/intelfpga/18.1/quartus/sopc_builder/bin/europa -I D:/intelfpga/18.1/quartus/sopc_builder/bin/perl_lib -I D:/intelfpga/18.1/quartus/sopc_builder/bin -I D:/intelfpga/18.1/quartus/../ip/altera/sopc_builder_ip/common -I D:/intelfpga/18.1/quartus/../ip/altera/sopc_builder_ip/altera_avalon_onchip_memory2 -- D:/intelfpga/18.1/quartus/../ip/altera/sopc_builder_ip/altera_avalon_onchip_memory2/generate_rtl.pl --name=soc_system_gmm_in_ram --dir=C:/Users/KALSHC~1/AppData/Local/Temp/alt8235_586136218005593865.dir/0023_in_ram_gen/ --quartus_dir=D:/intelfpga/18.1/quartus --verilog --config=C:/Users/KALSHC~1/AppData/Local/Temp/alt8235_586136218005593865.dir/0023_in_ram_gen//soc_system_gmm_in_ram_component_configuration.pl  --do_build_sim=0  ]
Info: in_ram: Done RTL generation for module 'soc_system_gmm_in_ram'
Info: in_ram: "gmm" instantiated altera_avalon_onchip_memory2 "in_ram"
Info: out_dma: "gmm" instantiated altera_msgdma "out_dma"
Info: out_ram: Starting RTL generation for module 'soc_system_gmm_out_ram'
Info: out_ram:   Generation command is [exec D:/intelfpga/18.1/quartus/bin64/perl/bin/perl.exe -I D:/intelfpga/18.1/quartus/bin64/perl/lib -I D:/intelfpga/18.1/quartus/sopc_builder/bin/europa -I D:/intelfpga/18.1/quartus/sopc_builder/bin/perl_lib -I D:/intelfpga/18.1/quartus/sopc_builder/bin -I D:/intelfpga/18.1/quartus/../ip/altera/sopc_builder_ip/common -I D:/intelfpga/18.1/quartus/../ip/altera/sopc_builder_ip/altera_avalon_onchip_memory2 -- D:/intelfpga/18.1/quartus/../ip/altera/sopc_builder_ip/altera_avalon_onchip_memory2/generate_rtl.pl --name=soc_system_gmm_out_ram --dir=C:/Users/KALSHC~1/AppData/Local/Temp/alt8235_586136218005593865.dir/0024_out_ram_gen/ --quartus_dir=D:/intelfpga/18.1/quartus --verilog --config=C:/Users/KALSHC~1/AppData/Local/Temp/alt8235_586136218005593865.dir/0024_out_ram_gen//soc_system_gmm_out_ram_component_configuration.pl  --do_build_sim=0  ]
Info: out_ram: Done RTL generation for module 'soc_system_gmm_out_ram'
Info: out_ram: "gmm" instantiated altera_avalon_onchip_memory2 "out_ram"
Info: avalon_st_adapter: Inserting error_adapter: error_adapter_0
Info: mm_interconnect_0: "gmm" instantiated altera_mm_interconnect "mm_interconnect_0"
Info: avalon_st_adapter: Inserting error_adapter: error_adapter_0
Info: mm_interconnect_1: "gmm" instantiated altera_mm_interconnect "mm_interconnect_1"
Info: mm_interconnect_3: "gmm" instantiated altera_mm_interconnect "mm_interconnect_3"
Info: mm_interconnect_5: "gmm" instantiated altera_mm_interconnect "mm_interconnect_5"
Info: address_span_extender_0: "hps_ddr3" instantiated altera_address_span_extender "address_span_extender_0"
Info: hps: "Running  for module: hps"
Info: hps: HPS Main PLL counter settings: n = 0  m = 63
Info: hps: HPS peripherial PLL counter settings: n = 0  m = 39
Info: hps: "hps_ddr3" instantiated altera_hps "hps"
Info: hps_reset_manager_0: "hps_ddr3" instantiated hps_reset_manager "hps_reset_manager_0"
Info: avalon_st_adapter: Inserting error_adapter: error_adapter_0
Info: mm_interconnect_0: "hps_ddr3" instantiated altera_mm_interconnect "mm_interconnect_0"
Info: timing_adapter_0: "st_adapter_1" instantiated timing_adapter "timing_adapter_0"
Info: cpu_data_master_translator: "mm_interconnect_0" instantiated altera_merlin_master_translator "cpu_data_master_translator"
Info: jtag_uart_avalon_jtag_slave_translator: "mm_interconnect_0" instantiated altera_merlin_slave_translator "jtag_uart_avalon_jtag_slave_translator"
Info: cpu_data_master_agent: "mm_interconnect_0" instantiated altera_merlin_master_agent "cpu_data_master_agent"
Info: jtag_uart_avalon_jtag_slave_agent: "mm_interconnect_0" instantiated altera_merlin_slave_agent "jtag_uart_avalon_jtag_slave_agent"
Info: jtag_uart_avalon_jtag_slave_agent_rsp_fifo: "mm_interconnect_0" instantiated altera_avalon_sc_fifo "jtag_uart_avalon_jtag_slave_agent_rsp_fifo"
Info: Reusing file D:/trash/InnovateFPGA/FPGA/DE10_Nano_D8M_DDR3/soc_system/synthesis/submodules/altera_avalon_sc_fifo.v
Info: router: "mm_interconnect_0" instantiated altera_merlin_router "router"
Info: router_001: "mm_interconnect_0" instantiated altera_merlin_router "router_001"
Info: router_002: "mm_interconnect_0" instantiated altera_merlin_router "router_002"
Info: router_004: "mm_interconnect_0" instantiated altera_merlin_router "router_004"
Info: cmd_demux: "mm_interconnect_0" instantiated altera_merlin_demultiplexer "cmd_demux"
Info: cmd_demux_001: "mm_interconnect_0" instantiated altera_merlin_demultiplexer "cmd_demux_001"
Info: cmd_mux: "mm_interconnect_0" instantiated altera_merlin_multiplexer "cmd_mux"
Info: cmd_mux_002: "mm_interconnect_0" instantiated altera_merlin_multiplexer "cmd_mux_002"
Info: Reusing file D:/trash/InnovateFPGA/FPGA/DE10_Nano_D8M_DDR3/soc_system/synthesis/submodules/altera_merlin_arbitrator.sv
Info: rsp_demux: "mm_interconnect_0" instantiated altera_merlin_demultiplexer "rsp_demux"
Info: rsp_mux: "mm_interconnect_0" instantiated altera_merlin_multiplexer "rsp_mux"
Info: Reusing file D:/trash/InnovateFPGA/FPGA/DE10_Nano_D8M_DDR3/soc_system/synthesis/submodules/altera_merlin_arbitrator.sv
Info: rsp_mux_001: "mm_interconnect_0" instantiated altera_merlin_multiplexer "rsp_mux_001"
Info: Reusing file D:/trash/InnovateFPGA/FPGA/DE10_Nano_D8M_DDR3/soc_system/synthesis/submodules/altera_merlin_arbitrator.sv
Info: agent_pipeline: "mm_interconnect_0" instantiated altera_avalon_st_pipeline_stage "agent_pipeline"
Info: avalon_st_adapter: "mm_interconnect_0" instantiated altera_avalon_st_adapter "avalon_st_adapter"
Info: router: "mm_interconnect_2" instantiated altera_merlin_router "router"
Info: router_004: "mm_interconnect_2" instantiated altera_merlin_router "router_004"
Info: cmd_demux: "mm_interconnect_2" instantiated altera_merlin_demultiplexer "cmd_demux"
Info: cmd_mux: "mm_interconnect_2" instantiated altera_merlin_multiplexer "cmd_mux"
Info: Reusing file D:/trash/InnovateFPGA/FPGA/DE10_Nano_D8M_DDR3/soc_system/synthesis/submodules/altera_merlin_arbitrator.sv
Info: rsp_demux: "mm_interconnect_2" instantiated altera_merlin_demultiplexer "rsp_demux"
Info: rsp_mux: "mm_interconnect_2" instantiated altera_merlin_multiplexer "rsp_mux"
Info: Reusing file D:/trash/InnovateFPGA/FPGA/DE10_Nano_D8M_DDR3/soc_system/synthesis/submodules/altera_merlin_arbitrator.sv
Info: avalon_st_adapter: "mm_interconnect_2" instantiated altera_avalon_st_adapter "avalon_st_adapter"
Info: data_format_adapter_0: "avalon_st_adapter" instantiated data_format_adapter "data_format_adapter_0"
Info: timing_adapter_0: "avalon_st_adapter" instantiated timing_adapter "timing_adapter_0"
Info: data_format_adapter_0: "avalon_st_adapter_001" instantiated data_format_adapter "data_format_adapter_0"
Info: data_format_adapter_0: "avalon_st_adapter_002" instantiated data_format_adapter "data_format_adapter_0"
Info: vid_front: "video_in" instantiated alt_vip_video_input_bridge_resp "vid_front"
Info: Reusing file D:/trash/InnovateFPGA/FPGA/DE10_Nano_D8M_DDR3/soc_system/synthesis/submodules/common/alt_vip_common_pkg.sv
Info: Reusing file D:/trash/InnovateFPGA/FPGA/DE10_Nano_D8M_DDR3/soc_system/synthesis/submodules/modules/alt_vip_common_event_packet_decode/src_hdl/alt_vip_common_event_packet_decode.sv
Info: Reusing file D:/trash/InnovateFPGA/FPGA/DE10_Nano_D8M_DDR3/soc_system/synthesis/submodules/modules/alt_vip_common_event_packet_encode/src_hdl/alt_vip_common_event_packet_encode.sv
Info: vid_back: "video_in" instantiated alt_vip_video_input_bridge_cmd "vid_back"
Info: Reusing file D:/trash/InnovateFPGA/FPGA/DE10_Nano_D8M_DDR3/soc_system/synthesis/submodules/common/alt_vip_common_pkg.sv
Info: Reusing file D:/trash/InnovateFPGA/FPGA/DE10_Nano_D8M_DDR3/soc_system/synthesis/submodules/modules/alt_vip_common_event_packet_decode/src_hdl/alt_vip_common_event_packet_decode.sv
Info: Reusing file D:/trash/InnovateFPGA/FPGA/DE10_Nano_D8M_DDR3/soc_system/synthesis/submodules/modules/alt_vip_common_event_packet_encode/src_hdl/alt_vip_common_event_packet_encode.sv
Info: dispatcher_internal: "in_dma" instantiated modular_sgdma_dispatcher "dispatcher_internal"
Info: prefetcher_internal: "in_dma" instantiated altera_msgdma_prefetcher "prefetcher_internal"
Info: write_mstr_internal: "in_dma" instantiated dma_write_master "write_mstr_internal"
Info: read_mstr_internal: "out_dma" instantiated dma_read_master "read_mstr_internal"
Info: router: "mm_interconnect_0" instantiated altera_merlin_router "router"
Info: router_002: "mm_interconnect_0" instantiated altera_merlin_router "router_002"
Info: cmd_demux: "mm_interconnect_0" instantiated altera_merlin_demultiplexer "cmd_demux"
Info: cmd_mux: "mm_interconnect_0" instantiated altera_merlin_multiplexer "cmd_mux"
Info: Reusing file D:/trash/InnovateFPGA/FPGA/DE10_Nano_D8M_DDR3/soc_system/synthesis/submodules/altera_merlin_arbitrator.sv
Info: rsp_demux: "mm_interconnect_0" instantiated altera_merlin_demultiplexer "rsp_demux"
Info: rsp_mux: "mm_interconnect_0" instantiated altera_merlin_multiplexer "rsp_mux"
Info: Reusing file D:/trash/InnovateFPGA/FPGA/DE10_Nano_D8M_DDR3/soc_system/synthesis/submodules/altera_merlin_arbitrator.sv
Info: in_ram_s2_cmd_width_adapter: "mm_interconnect_0" instantiated altera_merlin_width_adapter "in_ram_s2_cmd_width_adapter"
Info: Reusing file D:/trash/InnovateFPGA/FPGA/DE10_Nano_D8M_DDR3/soc_system/synthesis/submodules/altera_merlin_burst_uncompressor.sv
Info: avalon_st_adapter: "mm_interconnect_0" instantiated altera_avalon_st_adapter "avalon_st_adapter"
Info: fpga_interfaces: "hps" instantiated altera_interface_generator "fpga_interfaces"
Info: hps_io: "hps" instantiated altera_hps_io "hps_io"
Info: router: "mm_interconnect_0" instantiated altera_merlin_router "router"
Info: router_001: "mm_interconnect_0" instantiated altera_merlin_router "router_001"
Info: hps_f2h_sdram0_data_burst_adapter: "mm_interconnect_0" instantiated altera_merlin_burst_adapter "hps_f2h_sdram0_data_burst_adapter"
Info: Reusing file D:/trash/InnovateFPGA/FPGA/DE10_Nano_D8M_DDR3/soc_system/synthesis/submodules/altera_merlin_address_alignment.sv
Info: Reusing file D:/trash/InnovateFPGA/FPGA/DE10_Nano_D8M_DDR3/soc_system/synthesis/submodules/altera_avalon_st_pipeline_stage.sv
Info: Reusing file D:/trash/InnovateFPGA/FPGA/DE10_Nano_D8M_DDR3/soc_system/synthesis/submodules/altera_avalon_st_pipeline_base.v
Info: cmd_demux: "mm_interconnect_0" instantiated altera_merlin_demultiplexer "cmd_demux"
Info: cmd_mux: "mm_interconnect_0" instantiated altera_merlin_multiplexer "cmd_mux"
Info: Reusing file D:/trash/InnovateFPGA/FPGA/DE10_Nano_D8M_DDR3/soc_system/synthesis/submodules/altera_merlin_arbitrator.sv
Info: rsp_mux: "mm_interconnect_0" instantiated altera_merlin_multiplexer "rsp_mux"
Info: Reusing file D:/trash/InnovateFPGA/FPGA/DE10_Nano_D8M_DDR3/soc_system/synthesis/submodules/altera_merlin_arbitrator.sv
Info: error_adapter_0: "avalon_st_adapter" instantiated error_adapter "error_adapter_0"
Info: error_adapter_0: "avalon_st_adapter" instantiated error_adapter "error_adapter_0"
Info: error_adapter_0: "avalon_st_adapter" instantiated error_adapter "error_adapter_0"
Info: border: "hps_io" instantiated altera_interface_generator "border"
Info: soc_system: Done "soc_system" with 101 modules, 271 files
Info: qsys-generate succeeded.
Info: Finished: Create HDL design files for synthesis
